20:36:50 **** Build of configuration Debug for project STM32F4VgTx_Simple4LedScheduler ****
make -j4 all 
arm-none-eabi-gcc -mcpu=cortex-m4 -g3 -c -x assembler-with-cpp --specs=nano.specs -mfloat-abi=soft -mthumb -o "Startup/startup_stm32f407vgtx.o" "../Startup/startup_stm32f407vgtx.s"
arm-none-eabi-gcc "../Src/led.c" -mcpu=cortex-m4 -std=gnu11 -g3 -DSTM32 -DSTM32F407G_DISC1 -DSTM32F4 -DSTM32F407VGTx -DDEBUG -c -I../Inc -O0 -ffunction-sections -fdata-sections -Wall -fstack-usage -MMD -MP -MF"Src/led.d" -MT"Src/led.o" --specs=nano.specs -mfloat-abi=soft -mthumb -o "Src/led.o"
arm-none-eabi-gcc "../Src/main.c" -mcpu=cortex-m4 -std=gnu11 -g3 -DSTM32 -DSTM32F407G_DISC1 -DSTM32F4 -DSTM32F407VGTx -DDEBUG -c -I../Inc -O0 -ffunction-sections -fdata-sections -Wall -fstack-usage -MMD -MP -MF"Src/main.d" -MT"Src/main.o" --specs=nano.specs -mfloat-abi=soft -mthumb -o "Src/main.o"
arm-none-eabi-gcc "../Src/syscalls.c" -mcpu=cortex-m4 -std=gnu11 -g3 -DSTM32 -DSTM32F407G_DISC1 -DSTM32F4 -DSTM32F407VGTx -DDEBUG -c -I../Inc -O0 -ffunction-sections -fdata-sections -Wall -fstack-usage -MMD -MP -MF"Src/syscalls.d" -MT"Src/syscalls.o" --specs=nano.specs -mfloat-abi=soft -mthumb -o "Src/syscalls.o"
arm-none-eabi-gcc "../Src/sysmem.c" -mcpu=cortex-m4 -std=gnu11 -g3 -DSTM32 -DSTM32F407G_DISC1 -DSTM32F4 -DSTM32F407VGTx -DDEBUG -c -I../Inc -O0 -ffunction-sections -fdata-sections -Wall -fstack-usage -MMD -MP -MF"Src/sysmem.d" -MT"Src/sysmem.o" --specs=nano.specs -mfloat-abi=soft -mthumb -o "Src/sysmem.o"
arm-none-eabi-gcc -o "STM32F4VgTx_Simple4LedScheduler.elf" @"objects.list"   -mcpu=cortex-m4 -T"C:\Users\Kunal Verma\Desktop\BitsPilani\Semester1\Project\BitsAssignment\BitsProjectWorkspace\STM32F4VgTx_Simple4LedScheduler\STM32F407VGTX_FLASH.ld" --specs=nosys.specs -Wl,-Map="STM32F4VgTx_Simple4LedScheduler.map" -Wl,--gc-sections -static --specs=nano.specs -mfloat-abi=soft -mthumb -Wl,--start-group -lc -lm -Wl,--end-group
Finished building target: STM32F4VgTx_Simple4LedScheduler.elf
 
arm-none-eabi-size   STM32F4VgTx_Simple4LedScheduler.elf 
arm-none-eabi-objdump -h -S  STM32F4VgTx_Simple4LedScheduler.elf  > "STM32F4VgTx_Simple4LedScheduler.list"
arm-none-eabi-objcopy  -O binary  STM32F4VgTx_Simple4LedScheduler.elf  "STM32F4VgTx_Simple4LedScheduler.bin"
   text	   data	    bss	    dec	    hex	filename
   4888	    112	   1664	   6664	   1a08	STM32F4VgTx_Simple4LedScheduler.elf
Finished building: default.size.stdout
 
Finished building: STM32F4VgTx_Simple4LedScheduler.bin
Finished building: STM32F4VgTx_Simple4LedScheduler.list
 
 
20:38:58 **** Incremental Build of configuration Debug for project STM32F4VgTx_Simple4LedScheduler ****
make -j4 all 
arm-none-eabi-size   STM32F4VgTx_Simple4LedScheduler.elf 
   text	   data	    bss	    dec	    hex	filename
   4888	    112	   1664	   6664	   1a08	STM32F4VgTx_Simple4LedScheduler.elf
Finished building: default.size.stdout
 
