main.c:53:5:main	8	static
main.c:74:6:idle_task	4	static
main.c:80:6:task1_handler	8	static
main.c:90:6:task2_handler	8	static
main.c:100:6:task3_handler	8	static
main.c:110:6:task4_handler	8	static
main.c:122:6:init_systick_timer	32	static
main.c:146:29:init_scheduler_stack	0	static,ignoring_inline_asm
main.c:157:6:init_tasks_stack	24	static
main.c:208:6:enable_processor_faults	16	static
main.c:218:10:get_psp_value	4	static
main.c:225:6:save_psp_value	16	static
main.c:231:6:update_next_task	16	static
main.c:251:29:switch_sp_to_psp	0	static,ignoring_inline_asm
main.c:268:6:schedule	16	static
main.c:279:6:task_delay	16	static,ignoring_inline_asm
main.c:296:29:PendSV_Handler	0	static,ignoring_inline_asm
main.c:336:6:update_global_tick_count	4	static
main.c:341:6:unblock_tasks	16	static
main.c:358:7:SysTick_Handler	16	static
main.c:372:6:HardFault_Handler	8	static
main.c:379:6:MemManage_Handler	8	static
main.c:385:6:BusFault_Handler	8	static
